// Jest Snapshot v1, https://goo.gl/fbAQLP

exports[`SnippetList should render metadata snippets and document content snippets components  1`] = `
<ul
  className="snippet-list"
>
  <Component
    documentViewUrl="/document/sharedId"
    fieldSnippets={
      Immutable.Map {
        "field": "title",
        "texts": Immutable.List [
          "metadata <b>snippet m1</b> found",
        ],
      }
    }
    key="title"
    template={
      Immutable.Map {
        "_id": "template",
        "properties": Immutable.List [
          Immutable.Map {
            "name": "summary",
            "label": "Summary",
          },
        ],
      }
    }
  />
  <Component
    documentViewUrl="/document/sharedId"
    fieldSnippets={
      Immutable.Map {
        "field": "metadata.summary",
        "texts": Immutable.List [
          "metadata <b>snippet m2</b>",
        ],
      }
    }
    key="metadata.summary"
    template={
      Immutable.Map {
        "_id": "template",
        "properties": Immutable.List [
          Immutable.Map {
            "name": "summary",
            "label": "Summary",
          },
        ],
      }
    }
  />
  <Component
    documentSnippets={
      Immutable.List [
        Immutable.Map {
          "text": "first <b>snippet 1</b> found",
          "page": 1,
        },
        Immutable.Map {
          "text": "second <b>snippet 3</b> found",
          "page": 2,
        },
        Immutable.Map {
          "text": "third <b>snippet 3</b> found",
          "page": 3,
        },
      ]
    }
    documentViewUrl="/document/sharedId"
    scrollToPage={[MockFunction]}
    searchTerm="snippet"
  />
</ul>
`;

exports[`SnippetList should render only document snippets if there are no metadata snippets 1`] = `
<ul
  className="snippet-list"
>
  <Component
    documentSnippets={
      Immutable.List [
        Immutable.Map {
          "text": "first <b>snippet 1</b> found",
          "page": 1,
        },
        Immutable.Map {
          "text": "second <b>snippet 3</b> found",
          "page": 2,
        },
        Immutable.Map {
          "text": "third <b>snippet 3</b> found",
          "page": 3,
        },
      ]
    }
    documentViewUrl="/document/sharedId"
    scrollToPage={[MockFunction]}
    searchTerm="snippet"
  />
</ul>
`;

exports[`SnippetList should render only metadata snippets if there are no document snippets 1`] = `
<ul
  className="snippet-list"
>
  <Component
    documentViewUrl="/document/sharedId"
    fieldSnippets={
      Immutable.Map {
        "field": "title",
        "texts": Immutable.List [
          "metadata <b>snippet m1</b> found",
        ],
      }
    }
    key="title"
    template={
      Immutable.Map {
        "_id": "template",
        "properties": Immutable.List [
          Immutable.Map {
            "name": "summary",
            "label": "Summary",
          },
        ],
      }
    }
  />
  <Component
    documentViewUrl="/document/sharedId"
    fieldSnippets={
      Immutable.Map {
        "field": "metadata.summary",
        "texts": Immutable.List [
          "metadata <b>snippet m2</b>",
        ],
      }
    }
    key="metadata.summary"
    template={
      Immutable.Map {
        "_id": "template",
        "properties": Immutable.List [
          Immutable.Map {
            "name": "summary",
            "label": "Summary",
          },
        ],
      }
    }
  />
</ul>
`;
