// Jest Snapshot v1, https://goo.gl/fbAQLP

exports[`upload routes GET/customisation/upload should return all uploads 1`] = `
Array [
  "upload1",
  "upload2",
]
`;

exports[`upload routes GET/customisation/upload should return all uploads 2`] = `
Array [
  "upload1",
  "upload2",
]
`;

exports[`upload routes POST/customisation/upload should save the upload and return it 1`] = `
Object {
  "__v": 0,
  "filename": "f2082bf51b6ef839690485d7153e847a.pdf",
  "mimetype": "application/octet-stream",
  "originalname": "gadgets-01.pdf",
  "size": 171411271,
}
`;
