// Jest Snapshot v1, https://goo.gl/fbAQLP

exports[`FiltersForm render() should render diferent type fileds 1`] = `
<Connect(FiltersFromProperties)
  onChange={[Function]}
  properties={
    Array [
      Object {
        "_id": "1",
        "name": "name",
      },
      Object {
        "_id": "2",
        "name": "name",
        "type": "numeric",
      },
      Object {
        "_id": "3",
        "name": "date",
        "type": "date",
      },
      Object {
        "_id": "4",
        "name": "nested",
        "type": "nested",
      },
      Object {
        "_id": "5",
        "content": "thesauri1",
        "name": "select",
        "options": Array [
          Object {
            "id": "a",
            "label": "a",
            "results": 1,
            "value": "a",
          },
          Object {
            "id": "b",
            "label": "b",
            "results": 1,
            "value": "b",
          },
          Object {
            "id": "c",
            "label": "c",
            "results": 1,
            "value": "c",
            "values": Array [
              Object {
                "id": "d",
                "label": "d",
                "results": 1,
                "value": "d",
              },
            ],
          },
        ],
        "type": "select",
      },
      Object {
        "_id": "6",
        "content": "thesauri1",
        "name": "multiselect",
        "options": Array [
          Object {
            "id": "a",
            "label": "a",
            "results": 1,
            "value": "a",
          },
          Object {
            "id": "b",
            "label": "b",
            "results": 1,
            "value": "b",
          },
          Object {
            "id": "c",
            "label": "c",
            "results": 1,
            "value": "c",
            "values": Array [
              Object {
                "id": "d",
                "label": "d",
                "results": 1,
                "value": "d",
              },
            ],
          },
        ],
        "type": "multiselect",
      },
    ]
  }
  storeKey="library"
/>
`;
